C51 COMPILER V9.01   NGOISAO                                                               03/25/2022 10:46:31 PAGE 1   


C51 COMPILER V9.01, COMPILATION OF MODULE NGOISAO
OBJECT MODULE PLACED IN ngoisao.OBJ
COMPILER INVOKED BY: D:\Program Files\Keil\C51\BIN\C51.EXE ngoisao.c BROWSE DEBUG OBJECTEXTEND

line level    source

   1          #include <REGX51.H>
   2          
   3          char hieuUngSangXuoi[] = {0xFE,0xFD,0xFB,0xF7,0xEF,0xDF,0xBF,0x7F};
   4          char hieuUngSangNguoc[] = {0x7F,0xBF,0xDF,0xEF,0xF7,0xFB,0xFD,0xFE};
   5          
   6          void delay(int time){
   7   1              while(time--);
   8   1      }
   9          
  10          void blink(int n){
  11   1              int i;
  12   1              for(i=0;i<n;i++){
  13   2                      P0=0; P2=0; P3=0;
  14   2                      delay(30000);
  15   2                      P0=0xff; P1=0xff; P2=0xff; P3=0xff;
  16   2                      delay(30000);
  17   2              }
  18   1      }
  19          
  20          void sangXuoi(int n){
  21   1              int i;
  22   1              for(i=0;i<n;i++)
  23   1              {
  24   2              P0_0 = 0;    delay(30000);    P0_0 = 1;
  25   2          P0_1 = 0;    delay(30000);    P0_1 = 1;
  26   2          P0_2 = 0;    delay(30000);    P0_2 = 1;
  27   2          P0_3 = 0;    delay(30000);    P0_3 = 1;
  28   2          P0_4 = 0;    delay(30000);    P0_4 = 1;
  29   2          P0_5 = 0;    delay(30000);    P0_5 = 1;
  30   2          P0_6 = 0;    delay(30000);    P0_6 = 1;
  31   2          P0_7 = 0;    delay(30000);    P0_7 = 1;
  32   2          P2_0 = 0;    delay(30000);    P2_0 = 1;
  33   2          P2_1 = 0;    delay(30000);    P2_1 = 1;
  34   2          P2_2 = 0;    delay(30000);    P2_2 = 1;
  35   2          P2_3 = 0;    delay(30000);    P2_3 = 1;
  36   2          P2_4 = 0;    delay(30000);    P2_4 = 1;
  37   2              P0_2 = 0;    delay(30000);    P0_2 = 1;
  38   2          P2_5 = 0;    delay(30000);    P2_5 = 1;
  39   2          P2_6 = 0;    delay(30000);    P2_6 = 1;
  40   2          P2_7 = 0;    delay(30000);    P2_7 = 1;
  41   2              P0_3 = 0;    delay(30000);    P0_3 = 1;
  42   2              P0_7 = 0;    delay(30000);    P0_7 = 1;
  43   2          P3_0 = 0;    delay(30000);    P3_0 = 1;
  44   2          P3_1 = 0;    delay(30000);    P3_1 = 1;
  45   2          P3_2 = 0;    delay(30000);    P3_2 = 1;
  46   2              P2_0 = 0;    delay(30000);    P2_0 = 1;
  47   2              P2_4 = 0;    delay(30000);    P2_4 = 1;
  48   2          P3_3 = 0;    delay(30000);    P3_3 = 1;
  49   2              P0_0 = 0;    delay(30000);    P0_0 = 1;
  50   2          P3_4 = 0;    delay(30000);    P3_4 = 1;
  51   2          P3_5 = 0;    delay(30000);    P3_5 = 1;
  52   2          P3_6 = 0;    delay(30000);    P3_6 = 1;
  53   2          P3_7 = 0;    delay(30000);    P3_7 = 1;
  54   2              P1_0 = 0;    delay(30000);    P1_0 = 1;
  55   2          P1_1 = 0;    delay(30000);    P1_1 = 1;
C51 COMPILER V9.01   NGOISAO                                                               03/25/2022 10:46:31 PAGE 2   

  56   2          P1_2 = 0;    delay(30000);    P1_2 = 1;
  57   2          P1_3 = 0;    delay(30000);    P1_3 = 1;
  58   2          P1_4 = 0;    delay(30000);    P1_4 = 1;
  59   2          P1_5 = 0;    delay(30000);    P1_5 = 1;
  60   2          P1_6 = 0;    delay(30000);    P1_6 = 1;
  61   2          P1_7 = 0;    delay(30000);    P1_7 = 1;
  62   2              }
  63   1      }
  64          void sangNguoc(int n){
  65   1              int i;
  66   1              for(i=0;i<n;i++){
  67   2          P1_7 = 0;    delay(10000);    P1_7 = 1;
  68   2          P1_6 = 0;    delay(10000);    P1_6 = 1;
  69   2          P1_5 = 0;    delay(10000);    P1_5 = 1;
  70   2          P1_4 = 0;    delay(10000);    P1_4 = 1;
  71   2          P1_3 = 0;    delay(10000);    P1_3 = 1;
  72   2          P1_2 = 0;    delay(10000);    P1_2 = 1;
  73   2          P1_1 = 0;    delay(10000);    P1_1 = 1;
  74   2              P1_0 = 0;    delay(10000);    P1_0 = 1;
  75   2          P3_7 = 0;    delay(10000);    P3_7 = 1;
  76   2          P3_6 = 0;    delay(10000);    P3_6 = 1;
  77   2          P3_5 = 0;    delay(10000);    P3_5 = 1;
  78   2          P3_4 = 0;    delay(10000);    P3_4 = 1;
  79   2              P0_0 = 0;    delay(10000);    P0_0 = 1;
  80   2          P3_3 = 0;    delay(10000);    P3_3 = 1;
  81   2              P2_4 = 0;    delay(10000);    P2_4 = 1;
  82   2              P2_0 = 0;    delay(10000);    P2_0 = 1;
  83   2          P3_2 = 0;    delay(10000);    P3_2 = 1;
  84   2          P3_1 = 0;    delay(10000);    P3_1 = 1;
  85   2          P3_0 = 0;    delay(10000);    P3_0 = 1;
  86   2              P0_7 = 0;    delay(10000);    P0_7 = 1;
  87   2              P0_3 = 0;    delay(10000);    P0_3 = 1;
  88   2          P2_7 = 0;    delay(10000);    P2_7 = 1;
  89   2          P2_6 = 0;    delay(10000);    P2_6 = 1;
  90   2          P2_5 = 0;    delay(10000);    P2_5 = 1;
  91   2              P0_2 = 0;    delay(10000);    P0_2 = 1;
  92   2          P2_4 = 0;    delay(10000);    P2_4 = 1;
  93   2          P2_3 = 0;    delay(10000);    P2_3 = 1;
  94   2          P2_2 = 0;    delay(10000);    P2_2 = 1;
  95   2          P2_1 = 0;    delay(10000);    P2_1 = 1;
  96   2          P2_0 = 0;    delay(10000);    P2_0 = 1;
  97   2          P0_7 = 0;    delay(10000);    P0_7 = 1;
  98   2          P0_6 = 0;    delay(10000);    P0_6 = 1;
  99   2          P0_5 = 0;    delay(10000);    P0_5 = 1;
 100   2          P0_4 = 0;    delay(10000);    P0_4 = 1;
 101   2          P0_3 = 0;    delay(10000);    P0_3 = 1;
 102   2          P0_2 = 0;    delay(10000);    P0_2 = 1;
 103   2          P0_1 = 0;    delay(10000);    P0_1 = 1;
 104   2      P0_0 = 0;    delay(10000);    P0_0 = 1;
 105   2              }
 106   1      }
 107          
 108          void loangTaLaNgoang(int lan) {
 109   1              int i, j;
 110   1              for (i=0; i<lan; i++) {
 111   2                      for (j=0; j<8; j++) {
 112   3                              P0=P2=P3=hieuUngSangXuoi[j];
 113   3                              delay(5000);
 114   3                      }
 115   2              }
 116   1      }
 117          // Doi xung 1
C51 COMPILER V9.01   NGOISAO                                                               03/25/2022 10:46:31 PAGE 3   

 118          void coGiat(int lan) {
 119   1              int i,j;
 120   1              for (i=0; i<lan; i++) {
 121   2                      for (j=0; j<8; j++) {
 122   3                              P0 = P1 = 0;
 123   3                              P2 = P3 = 0xff;
 124   3                              delay(10000);
 125   3                              
 126   3                              P0 = P1 = 0xff;
 127   3                              P2 = P3 = 0;
 128   3                              delay(10000);
 129   3                      }
 130   2              }
 131   1      
 132   1      }
 133          
 134          
 135          void xungQuanh(int n){
 136   1              int i;
 137   1              for(i=0;i<n;i++)
 138   1              {
 139   2              P0_0 = 0;    delay(30000);    P0_0 = 1;
 140   2          P0_1 = 0;    delay(30000);    P0_1 = 1;
 141   2          P0_2 = 0;    delay(30000);    P0_2 = 1;
 142   2              P2_5 = 0;    delay(30000);    P2_5 = 1;
 143   2              P2_6 = 0;    delay(30000);    P2_6 = 1;
 144   2              P2_7 = 0;    delay(30000);    P2_7 = 1;
 145   2      //      P2_6 = 0;    delay(30000);    P2_6 = 1;
 146   2              P0_3 = 0;    delay(30000);    P0_3 = 1;
 147   2              P0_4 = 0;    delay(30000);    P0_4 = 1;
 148   2              P0_5 = 0;    delay(30000);    P0_5 = 1;
 149   2              P0_6 = 0;    delay(30000);    P0_6 = 1;
 150   2              P0_7 = 0;    delay(30000);    P0_7 = 1;
 151   2              P3_0 = 0;    delay(30000);    P3_0 = 1;
 152   2              P3_1 = 0;    delay(30000);    P3_1 = 1;
 153   2              P3_2 = 0;    delay(30000);    P3_2 = 1;
 154   2              P2_0 = 0;    delay(30000);    P2_0 = 1;
 155   2              P2_1 = 0;    delay(30000);    P2_1 = 1;
 156   2              P2_2 = 0;    delay(30000);    P2_2 = 1;    
 157   2              P2_3 = 0;    delay(30000);    P2_3 = 1;
 158   2              P2_4 = 0;    delay(30000);    P2_4 = 1;
 159   2              P3_3 = 0;    delay(30000);    P3_3 = 1;
 160   2              }
 161   1      }
 162          
 163          
 164          
 165          void main(){
 166   1              while(1){
 167   2                      //blink(3);
 168   2                      //loangTaLaNgoang(3);
 169   2                      //coGiat(3);
 170   2                      //sangXuoi(2);
 171   2                      //sangNguoc(2);
 172   2                      xungQuanh(2);
 173   2              }
 174   1      }


MODULE INFORMATION:   STATIC OVERLAYABLE
   CODE SIZE        =   1110    ----
   CONSTANT SIZE    =   ----    ----
C51 COMPILER V9.01   NGOISAO                                                               03/25/2022 10:46:31 PAGE 4   

   XDATA SIZE       =   ----    ----
   PDATA SIZE       =   ----    ----
   DATA SIZE        =     16       4
   IDATA SIZE       =   ----    ----
   BIT SIZE         =   ----    ----
END OF MODULE INFORMATION.


C51 COMPILATION COMPLETE.  0 WARNING(S),  0 ERROR(S)
