C51 COMPILER V9.01   DONGHO                                                                03/18/2022 09:51:46 PAGE 1   


C51 COMPILER V9.01, COMPILATION OF MODULE DONGHO
OBJECT MODULE PLACED IN dongho.OBJ
COMPILER INVOKED BY: D:\Program Files\Keil\C51\BIN\C51.EXE dongho.c BROWSE DEBUG OBJECTEXTEND

line level    source

   1          #include <REGX51.H>
   2          
   3          #define hour P3_6
   4          #define min P3_7
   5          #define led1 P2_0
   6          #define led2 P2_1
   7          #define led3 P2_2
   8          #define led4 P2_3
   9          
  10          #define on 0
  11          #define off 1
  12          
  13          char so[] = {0xc0,0xf9,0xa4,0xb0,0x99,0x92,0x82,0xf8,0x80,0x90};
  14          
  15          void delay(int time){
  16   1              while(time--){
  17   2                      TMOD = 0x01;
  18   2                      TH0 = 0xfc;
  19   2                      TL0     = 0x18;
  20   2                      TR0 = 1;
  21   2                      while(!TF0);
  22   2                      TF0 = 0;
  23   2                      TR0 = 0;
  24   2              }
  25   1      }
  26          
  27          void hienThi(unsigned char gio, unsigned char phut){
  28   1              unsigned char chuc0,chuc1, donvi0,donvi1, i;
  29   1              chuc0 = gio/10; donvi0 = gio%10;
  30   1              chuc1 = phut/10; donvi1 = phut%10;
  31   1              for(i=0;i<25;i++){
  32   2                      led1 = on; P0= so[chuc0]; delay(10); led1 = off;
  33   2                      led2 = on; P0= so[donvi0]; delay(10); led2 = off;
  34   2                      led3 = on; P0= so[chuc1]; delay(10); led3 = off;
  35   2                      led4 = on; P0= so[donvi1]; delay(10); led4 =  off;
  36   2              }
  37   1              
  38   1      }
  39          void main(){
  40   1              unsigned char gio = 0,phut=0,giay =0;
  41   1              P3_0 = 0;
  42   1              while(1){
  43   2                      P3_0 = ~P3_0;
  44   2                      hienThi(gio,phut);
  45   2                      if(giay==59) phut++;
  46   2                      if(phut==59) gio++;
  47   2                      if(hour==0) gio++;
  48   2                      if(min==0) phut++;
  49   2                      if(phut>59) phut=0;
  50   2                      if(gio>23) gio=0;
  51   2                      P3_7 = 0;
  52   2              }
  53   1      }


C51 COMPILER V9.01   DONGHO                                                                03/18/2022 09:51:46 PAGE 2   

MODULE INFORMATION:   STATIC OVERLAYABLE
   CODE SIZE        =    180    ----
   CONSTANT SIZE    =   ----    ----
   XDATA SIZE       =   ----    ----
   PDATA SIZE       =   ----    ----
   DATA SIZE        =     10       4
   IDATA SIZE       =   ----    ----
   BIT SIZE         =   ----    ----
END OF MODULE INFORMATION.


C51 COMPILATION COMPLETE.  0 WARNING(S),  0 ERROR(S)
